[2021-06-29T16:53:32.785+0800] Using Serial
[2021-06-29T16:53:32.785+0800] Heap address: 0x00000007e0000000, size: 512 MB, Compressed Oops mode: Zero based, Oop shift amount: 3
[2021-06-29T16:53:33.320+0800] GC(0) Pause Young (Allocation Failure)
[2021-06-29T16:53:33.353+0800] GC(0) DefNew: 139313K->17472K(157248K)
[2021-06-29T16:53:33.353+0800] GC(0) Tenured: 0K->28101K(349568K)
[2021-06-29T16:53:33.353+0800] GC(0) Metaspace: 14813K->14813K(1062912K)
[2021-06-29T16:53:33.353+0800] GC(0) Pause Young (Allocation Failure) 136M->44M(494M) 32.684ms
[2021-06-29T16:53:33.353+0800] GC(0) User=0.02s Sys=0.01s Real=0.03s
[2021-06-29T16:53:33.374+0800] GC(1) Pause Young (Allocation Failure)
[2021-06-29T16:53:33.418+0800] GC(1) DefNew: 157248K->17470K(157248K)
[2021-06-29T16:53:33.418+0800] GC(1) Tenured: 28101K->79854K(349568K)
[2021-06-29T16:53:33.418+0800] GC(1) Metaspace: 14813K->14813K(1062912K)
[2021-06-29T16:53:33.418+0800] GC(1) Pause Young (Allocation Failure) 181M->95M(494M) 43.168ms
[2021-06-29T16:53:33.418+0800] GC(1) User=0.03s Sys=0.02s Real=0.04s
[2021-06-29T16:53:33.442+0800] GC(2) Pause Young (Allocation Failure)
[2021-06-29T16:53:33.470+0800] GC(2) DefNew: 157241K->17471K(157248K)
[2021-06-29T16:53:33.470+0800] GC(2) Tenured: 79854K->127153K(349568K)
[2021-06-29T16:53:33.470+0800] GC(2) Metaspace: 14813K->14813K(1062912K)
[2021-06-29T16:53:33.470+0800] GC(2) Pause Young (Allocation Failure) 231M->141M(494M) 28.755ms
[2021-06-29T16:53:33.470+0800] GC(2) User=0.02s Sys=0.01s Real=0.03s
[2021-06-29T16:53:33.488+0800] GC(3) Pause Young (Allocation Failure)
[2021-06-29T16:53:33.519+0800] GC(3) DefNew: 157247K->17471K(157248K)
[2021-06-29T16:53:33.520+0800] GC(3) Tenured: 127153K->179009K(349568K)
[2021-06-29T16:53:33.520+0800] GC(3) Metaspace: 14813K->14813K(1062912K)
[2021-06-29T16:53:33.520+0800] GC(3) Pause Young (Allocation Failure) 277M->191M(494M) 31.851ms
[2021-06-29T16:53:33.520+0800] GC(3) User=0.02s Sys=0.01s Real=0.04s
[2021-06-29T16:53:33.535+0800] GC(4) Pause Young (Allocation Failure)
[2021-06-29T16:53:33.567+0800] GC(4) DefNew: 157247K->17471K(157248K)
[2021-06-29T16:53:33.567+0800] GC(4) Tenured: 179009K->230163K(349568K)
[2021-06-29T16:53:33.567+0800] GC(4) Metaspace: 14813K->14813K(1062912K)
[2021-06-29T16:53:33.567+0800] GC(4) Pause Young (Allocation Failure) 328M->241M(494M) 31.901ms
[2021-06-29T16:53:33.567+0800] GC(4) User=0.02s Sys=0.02s Real=0.03s
[2021-06-29T16:53:33.586+0800] GC(5) Pause Young (Allocation Failure)
[2021-06-29T16:53:33.619+0800] GC(5) DefNew: 157247K->17471K(157248K)
[2021-06-29T16:53:33.619+0800] GC(5) Tenured: 230163K->284224K(349568K)
[2021-06-29T16:53:33.619+0800] GC(5) Metaspace: 14813K->14813K(1062912K)
[2021-06-29T16:53:33.619+0800] GC(5) Pause Young (Allocation Failure) 378M->294M(494M) 33.184ms
[2021-06-29T16:53:33.619+0800] GC(5) User=0.02s Sys=0.01s Real=0.03s
[2021-06-29T16:53:33.637+0800] GC(6) Pause Young (Allocation Failure)
[2021-06-29T16:53:33.669+0800] GC(6) DefNew: 157247K->17472K(157248K)
[2021-06-29T16:53:33.669+0800] GC(6) Tenured: 284224K->335307K(349568K)
[2021-06-29T16:53:33.669+0800] GC(6) Metaspace: 14813K->14813K(1062912K)
[2021-06-29T16:53:33.669+0800] GC(6) Pause Young (Allocation Failure) 431M->344M(494M) 31.148ms
[2021-06-29T16:53:33.669+0800] GC(6) User=0.02s Sys=0.01s Real=0.03s
[2021-06-29T16:53:33.686+0800] GC(7) Pause Young (Allocation Failure)
[2021-06-29T16:53:33.686+0800] GC(8) Pause Full (Allocation Failure)
[2021-06-29T16:53:33.686+0800] GC(8) Phase 1: Mark live objects
[2021-06-29T16:53:33.690+0800] GC(8) Phase 1: Mark live objects 4.066ms
[2021-06-29T16:53:33.690+0800] GC(8) Phase 2: Compute new object addresses
[2021-06-29T16:53:33.691+0800] GC(8) Phase 2: Compute new object addresses 1.246ms
[2021-06-29T16:53:33.691+0800] GC(8) Phase 3: Adjust pointers
[2021-06-29T16:53:33.694+0800] GC(8) Phase 3: Adjust pointers 3.041ms
[2021-06-29T16:53:33.694+0800] GC(8) Phase 4: Move objects
[2021-06-29T16:53:33.731+0800] GC(8) Phase 4: Move objects 36.665ms
[2021-06-29T16:53:33.731+0800] GC(8) Pause Full (Allocation Failure) 480M->265M(494M) 45.344ms
[2021-06-29T16:53:33.731+0800] GC(7) DefNew: 156967K->0K(157248K)
[2021-06-29T16:53:33.731+0800] GC(7) Tenured: 335307K->272202K(349568K)
[2021-06-29T16:53:33.731+0800] GC(7) Metaspace: 14813K->14813K(1062912K)
[2021-06-29T16:53:33.731+0800] GC(7) Pause Young (Allocation Failure) 480M->265M(494M) 45.475ms
[2021-06-29T16:53:33.731+0800] GC(7) User=0.05s Sys=0.00s Real=0.05s
[2021-06-29T16:53:33.749+0800] GC(9) Pause Young (Allocation Failure)
[2021-06-29T16:53:33.756+0800] GC(9) DefNew: 139456K->17471K(157248K)
[2021-06-29T16:53:33.756+0800] GC(9) Tenured: 272202K->307365K(349568K)
[2021-06-29T16:53:33.756+0800] GC(9) Metaspace: 14813K->14813K(1062912K)
[2021-06-29T16:53:33.756+0800] GC(9) Pause Young (Allocation Failure) 402M->317M(494M) 6.817ms
[2021-06-29T16:53:33.756+0800] GC(9) User=0.01s Sys=0.00s Real=0.01s
[2021-06-29T16:53:33.775+0800] GC(10) Pause Young (Allocation Failure)
[2021-06-29T16:53:33.775+0800] GC(11) Pause Full (Allocation Failure)
[2021-06-29T16:53:33.775+0800] GC(11) Phase 1: Mark live objects
[2021-06-29T16:53:33.779+0800] GC(11) Phase 1: Mark live objects 4.056ms
[2021-06-29T16:53:33.779+0800] GC(11) Phase 2: Compute new object addresses
[2021-06-29T16:53:33.780+0800] GC(11) Phase 2: Compute new object addresses 1.198ms
[2021-06-29T16:53:33.780+0800] GC(11) Phase 3: Adjust pointers
[2021-06-29T16:53:33.783+0800] GC(11) Phase 3: Adjust pointers 2.996ms
[2021-06-29T16:53:33.783+0800] GC(11) Phase 4: Move objects
[2021-06-29T16:53:33.817+0800] GC(11) Phase 4: Move objects 33.959ms
[2021-06-29T16:53:33.818+0800] GC(11) Pause Full (Allocation Failure) 453M->289M(494M) 42.486ms
[2021-06-29T16:53:33.818+0800] GC(10) DefNew: 157247K->0K(157248K)
[2021-06-29T16:53:33.818+0800] GC(10) Tenured: 307365K->296365K(349568K)
[2021-06-29T16:53:33.818+0800] GC(10) Metaspace: 14813K->14813K(1062912K)
[2021-06-29T16:53:33.818+0800] GC(10) Pause Young (Allocation Failure) 453M->289M(494M) 42.599ms
[2021-06-29T16:53:33.818+0800] GC(10) User=0.05s Sys=0.00s Real=0.04s
[2021-06-29T16:53:33.838+0800] GC(12) Pause Young (Allocation Failure)
[2021-06-29T16:53:33.838+0800] GC(13) Pause Full (Allocation Failure)
[2021-06-29T16:53:33.838+0800] GC(13) Phase 1: Mark live objects
[2021-06-29T16:53:33.842+0800] GC(13) Phase 1: Mark live objects 3.960ms
[2021-06-29T16:53:33.842+0800] GC(13) Phase 2: Compute new object addresses
[2021-06-29T16:53:33.844+0800] GC(13) Phase 2: Compute new object addresses 1.167ms
[2021-06-29T16:53:33.844+0800] GC(13) Phase 3: Adjust pointers
[2021-06-29T16:53:33.847+0800] GC(13) Phase 3: Adjust pointers 2.986ms
[2021-06-29T16:53:33.847+0800] GC(13) Phase 4: Move objects
[2021-06-29T16:53:33.882+0800] GC(13) Phase 4: Move objects 35.694ms
[2021-06-29T16:53:33.883+0800] GC(13) Pause Full (Allocation Failure) 425M->297M(494M) 44.089ms
[2021-06-29T16:53:33.883+0800] GC(12) DefNew: 139776K->0K(157248K)
[2021-06-29T16:53:33.883+0800] GC(12) Tenured: 296365K->304994K(349568K)
[2021-06-29T16:53:33.883+0800] GC(12) Metaspace: 14813K->14813K(1062912K)
[2021-06-29T16:53:33.883+0800] GC(12) Pause Young (Allocation Failure) 425M->297M(494M) 44.206ms
[2021-06-29T16:53:33.883+0800] GC(12) User=0.04s Sys=0.00s Real=0.05s
[2021-06-29T16:53:33.901+0800] GC(14) Pause Young (Allocation Failure)
[2021-06-29T16:53:33.902+0800] GC(15) Pause Full (Allocation Failure)
[2021-06-29T16:53:33.902+0800] GC(15) Phase 1: Mark live objects
[2021-06-29T16:53:33.906+0800] GC(15) Phase 1: Mark live objects 4.188ms
[2021-06-29T16:53:33.906+0800] GC(15) Phase 2: Compute new object addresses
[2021-06-29T16:53:33.907+0800] GC(15) Phase 2: Compute new object addresses 1.151ms
[2021-06-29T16:53:33.907+0800] GC(15) Phase 3: Adjust pointers
[2021-06-29T16:53:33.910+0800] GC(15) Phase 3: Adjust pointers 3.012ms
[2021-06-29T16:53:33.910+0800] GC(15) Phase 4: Move objects
[2021-06-29T16:53:33.949+0800] GC(15) Phase 4: Move objects 39.420ms
[2021-06-29T16:53:33.950+0800] GC(15) Pause Full (Allocation Failure) 434M->291M(494M) 48.085ms
[2021-06-29T16:53:33.950+0800] GC(14) DefNew: 139776K->0K(157248K)
[2021-06-29T16:53:33.950+0800] GC(14) Tenured: 304994K->298945K(349568K)
[2021-06-29T16:53:33.950+0800] GC(14) Metaspace: 14813K->14813K(1062912K)
[2021-06-29T16:53:33.950+0800] GC(14) Pause Young (Allocation Failure) 434M->291M(494M) 48.220ms
[2021-06-29T16:53:33.950+0800] GC(14) User=0.05s Sys=0.01s Real=0.05s
[2021-06-29T16:53:33.971+0800] GC(16) Pause Young (Allocation Failure)
[2021-06-29T16:53:33.982+0800] GC(16) DefNew: 139776K->17470K(157248K)
[2021-06-29T16:53:33.982+0800] GC(16) Tenured: 298945K->341350K(349568K)
[2021-06-29T16:53:33.982+0800] GC(16) Metaspace: 14813K->14813K(1062912K)
[2021-06-29T16:53:33.982+0800] GC(16) Pause Young (Allocation Failure) 428M->350M(494M) 10.373ms
[2021-06-29T16:53:33.982+0800] GC(16) User=0.01s Sys=0.00s Real=0.01s
[2021-06-29T16:53:34.004+0800] GC(17) Pause Young (Allocation Failure)
[2021-06-29T16:53:34.005+0800] GC(18) Pause Full (Allocation Failure)
[2021-06-29T16:53:34.005+0800] GC(18) Phase 1: Mark live objects
[2021-06-29T16:53:34.009+0800] GC(18) Phase 1: Mark live objects 4.040ms
[2021-06-29T16:53:34.009+0800] GC(18) Phase 2: Compute new object addresses
[2021-06-29T16:53:34.010+0800] GC(18) Phase 2: Compute new object addresses 1.175ms
[2021-06-29T16:53:34.010+0800] GC(18) Phase 3: Adjust pointers
[2021-06-29T16:53:34.013+0800] GC(18) Phase 3: Adjust pointers 2.903ms
[2021-06-29T16:53:34.013+0800] GC(18) Phase 4: Move objects
[2021-06-29T16:53:34.051+0800] GC(18) Phase 4: Move objects 37.842ms
[2021-06-29T16:53:34.051+0800] GC(18) Pause Full (Allocation Failure) 486M->331M(494M) 46.236ms
[2021-06-29T16:53:34.051+0800] GC(17) DefNew: 157246K->0K(157248K)
[2021-06-29T16:53:34.051+0800] GC(17) Tenured: 341350K->339527K(349568K)
[2021-06-29T16:53:34.051+0800] GC(17) Metaspace: 14813K->14813K(1062912K)
[2021-06-29T16:53:34.051+0800] GC(17) Pause Young (Allocation Failure) 486M->331M(494M) 46.363ms
[2021-06-29T16:53:34.051+0800] GC(17) User=0.05s Sys=0.00s Real=0.05s
[2021-06-29T16:53:34.070+0800] GC(19) Pause Young (Allocation Failure)
[2021-06-29T16:53:34.070+0800] GC(20) Pause Full (Allocation Failure)
[2021-06-29T16:53:34.070+0800] GC(20) Phase 1: Mark live objects
[2021-06-29T16:53:34.075+0800] GC(20) Phase 1: Mark live objects 4.136ms
[2021-06-29T16:53:34.075+0800] GC(20) Phase 2: Compute new object addresses
[2021-06-29T16:53:34.076+0800] GC(20) Phase 2: Compute new object addresses 1.179ms
[2021-06-29T16:53:34.076+0800] GC(20) Phase 3: Adjust pointers
[2021-06-29T16:53:34.079+0800] GC(20) Phase 3: Adjust pointers 2.926ms
[2021-06-29T16:53:34.079+0800] GC(20) Phase 4: Move objects
[2021-06-29T16:53:34.119+0800] GC(20) Phase 4: Move objects 40.038ms
[2021-06-29T16:53:34.119+0800] GC(20) Pause Full (Allocation Failure) 468M->338M(494M) 48.563ms
[2021-06-29T16:53:34.119+0800] GC(19) DefNew: 139776K->0K(157248K)
[2021-06-29T16:53:34.119+0800] GC(19) Tenured: 339527K->346588K(349568K)
[2021-06-29T16:53:34.119+0800] GC(19) Metaspace: 14813K->14813K(1062912K)
[2021-06-29T16:53:34.119+0800] GC(19) Pause Young (Allocation Failure) 468M->338M(494M) 48.695ms
[2021-06-29T16:53:34.119+0800] GC(19) User=0.04s Sys=0.00s Real=0.04s
[2021-06-29T16:53:34.138+0800] GC(21) Pause Young (Allocation Failure)
[2021-06-29T16:53:34.138+0800] GC(22) Pause Full (Allocation Failure)
[2021-06-29T16:53:34.138+0800] GC(22) Phase 1: Mark live objects
[2021-06-29T16:53:34.142+0800] GC(22) Phase 1: Mark live objects 4.086ms
[2021-06-29T16:53:34.142+0800] GC(22) Phase 2: Compute new object addresses
[2021-06-29T16:53:34.143+0800] GC(22) Phase 2: Compute new object addresses 1.153ms
[2021-06-29T16:53:34.143+0800] GC(22) Phase 3: Adjust pointers
[2021-06-29T16:53:34.146+0800] GC(22) Phase 3: Adjust pointers 2.919ms
[2021-06-29T16:53:34.146+0800] GC(22) Phase 4: Move objects
[2021-06-29T16:53:34.185+0800] GC(22) Phase 4: Move objects 38.204ms
[2021-06-29T16:53:34.185+0800] GC(22) Pause Full (Allocation Failure) 474M->338M(494M) 46.659ms
[2021-06-29T16:53:34.185+0800] GC(21) DefNew: 139776K->0K(157248K)
[2021-06-29T16:53:34.185+0800] GC(21) Tenured: 346588K->346682K(349568K)
[2021-06-29T16:53:34.185+0800] GC(21) Metaspace: 14813K->14813K(1062912K)
[2021-06-29T16:53:34.185+0800] GC(21) Pause Young (Allocation Failure) 474M->338M(494M) 46.814ms
[2021-06-29T16:53:34.185+0800] GC(21) User=0.05s Sys=0.00s Real=0.05s
[2021-06-29T16:53:34.205+0800] GC(23) Pause Young (Allocation Failure)
[2021-06-29T16:53:34.205+0800] GC(24) Pause Full (Allocation Failure)
[2021-06-29T16:53:34.205+0800] GC(24) Phase 1: Mark live objects
[2021-06-29T16:53:34.209+0800] GC(24) Phase 1: Mark live objects 3.923ms
[2021-06-29T16:53:34.209+0800] GC(24) Phase 2: Compute new object addresses
[2021-06-29T16:53:34.210+0800] GC(24) Phase 2: Compute new object addresses 1.123ms
[2021-06-29T16:53:34.210+0800] GC(24) Phase 3: Adjust pointers
[2021-06-29T16:53:34.213+0800] GC(24) Phase 3: Adjust pointers 2.914ms
[2021-06-29T16:53:34.213+0800] GC(24) Phase 4: Move objects
[2021-06-29T16:53:34.259+0800] GC(24) Phase 4: Move objects 45.358ms
[2021-06-29T16:53:34.259+0800] GC(24) Pause Full (Allocation Failure) 475M->327M(494M) 53.570ms
[2021-06-29T16:53:34.259+0800] GC(23) DefNew: 139776K->0K(157248K)
[2021-06-29T16:53:34.259+0800] GC(23) Tenured: 346682K->335145K(349568K)
[2021-06-29T16:53:34.259+0800] GC(23) Metaspace: 14813K->14813K(1062912K)
[2021-06-29T16:53:34.259+0800] GC(23) Pause Young (Allocation Failure) 475M->327M(494M) 53.680ms
[2021-06-29T16:53:34.259+0800] GC(23) User=0.05s Sys=0.00s Real=0.05s
[2021-06-29T16:53:34.275+0800] Heap
[2021-06-29T16:53:34.275+0800]  def new generation   total 157248K, used 30409K [0x00000007e0000000, 0x00000007eaaa0000, 0x00000007eaaa0000)
[2021-06-29T16:53:34.275+0800]   eden space 139776K,  21% used [0x00000007e0000000, 0x00000007e1db26b0, 0x00000007e8880000)
[2021-06-29T16:53:34.275+0800]   from space 17472K,   0% used [0x00000007e9990000, 0x00000007e9990000, 0x00000007eaaa0000)
[2021-06-29T16:53:34.275+0800]   to   space 17472K,   0% used [0x00000007e8880000, 0x00000007e8880000, 0x00000007e9990000)
[2021-06-29T16:53:34.275+0800]  tenured generation   total 349568K, used 335145K [0x00000007eaaa0000, 0x0000000800000000, 0x0000000800000000)
[2021-06-29T16:53:34.275+0800]    the space 349568K,  95% used [0x00000007eaaa0000, 0x00000007ff1ea578, 0x00000007ff1ea600, 0x0000000800000000)
[2021-06-29T16:53:34.275+0800]  Metaspace       used 14998K, capacity 15345K, committed 15616K, reserved 1062912K
[2021-06-29T16:53:34.275+0800]   class space    used 1620K, capacity 1758K, committed 1792K, reserved 1048576K
